// Jest Snapshot v1, https://goo.gl/fbAQLP

exports[`IconButton renders the icon 1`] = `
<View
  pointerEvents="box-none"
  style={
    Object {
      "flex": 1,
    }
  }
>
  <View
    collapsable={true}
    pointerEvents="box-none"
    style={
      Object {
        "flex": 1,
      }
    }
  >
    <TouchableOpacity
      activeOpacity={0.2}
      style={
        Array [
          Object {
            "alignItems": "center",
            "backgroundColor": "#f05545",
            "borderRadius": 20,
            "height": 80,
            "justifyContent": "center",
            "padding": 10,
            "position": "relative",
            "width": 80,
          },
          Object {},
        ]
      }
      testID="internal-button"
    >
      <Image
        source={
          Object {
            "testUri": "../../../modules/player/assets/back-to-point.png",
          }
        }
        style={
          Object {
            "height": 50,
            "width": 50,
          }
        }
      />
    </TouchableOpacity>
  </View>
</View>
`;
